// Jest Snapshot v1, https://goo.gl/fbAQLP

exports[`<LoginPage /> renders consistently 1`] = `[Function]`;
